Archive member included to satisfy reference by file (symbol)

c:/program files (x86)/atmel/studio/7.0/toolchain/avr8/avr8-gnu-toolchain/bin/../lib/gcc/avr/5.4.0/avr5\libgcc.a(_exit.o)
                              C:/Program Files (x86)/Atmel/Studio/7.0/Packs/atmel/ATmega_DFP/1.6.364/gcc/dev/atmega32a/avr5/crtatmega32a.o (exit)
c:/program files (x86)/atmel/studio/7.0/toolchain/avr8/avr8-gnu-toolchain/bin/../lib/gcc/avr/5.4.0/avr5\libgcc.a(_copy_data.o)
                              APP/Room_1/Room_1.o (__do_copy_data)
c:/program files (x86)/atmel/studio/7.0/toolchain/avr8/avr8-gnu-toolchain/bin/../lib/gcc/avr/5.4.0/../../../../avr/lib/avr5\libc.a(ltoa.o)
                              ECU/LCD/LCD.o (ltoa)
c:/program files (x86)/atmel/studio/7.0/toolchain/avr8/avr8-gnu-toolchain/bin/../lib/gcc/avr/5.4.0/../../../../avr/lib/avr5\libc.a(ltoa_ncheck.o)
                              c:/program files (x86)/atmel/studio/7.0/toolchain/avr8/avr8-gnu-toolchain/bin/../lib/gcc/avr/5.4.0/../../../../avr/lib/avr5\libc.a(ltoa.o) (__ltoa_ncheck)
c:/program files (x86)/atmel/studio/7.0/toolchain/avr8/avr8-gnu-toolchain/bin/../lib/gcc/avr/5.4.0/../../../../avr/lib/avr5\libc.a(ultoa_ncheck.o)
                              c:/program files (x86)/atmel/studio/7.0/toolchain/avr8/avr8-gnu-toolchain/bin/../lib/gcc/avr/5.4.0/../../../../avr/lib/avr5\libc.a(ltoa_ncheck.o) (__ultoa_common)
c:/program files (x86)/atmel/studio/7.0/toolchain/avr8/avr8-gnu-toolchain/bin/../lib/gcc/avr/5.4.0/../../../../avr/lib/avr5\libc.a(strrev.o)
                              c:/program files (x86)/atmel/studio/7.0/toolchain/avr8/avr8-gnu-toolchain/bin/../lib/gcc/avr/5.4.0/../../../../avr/lib/avr5\libc.a(ultoa_ncheck.o) (strrev)

Discarded input sections

 .data          0x00000000        0x0 C:/Program Files (x86)/Atmel/Studio/7.0/Packs/atmel/ATmega_DFP/1.6.364/gcc/dev/atmega32a/avr5/crtatmega32a.o
 .bss           0x00000000        0x0 C:/Program Files (x86)/Atmel/Studio/7.0/Packs/atmel/ATmega_DFP/1.6.364/gcc/dev/atmega32a/avr5/crtatmega32a.o
 .text          0x00000000        0x0 APP/Room_1/Room_1.o
 .data          0x00000000        0x0 APP/Room_1/Room_1.o
 .bss           0x00000000        0x0 APP/Room_1/Room_1.o
 .text          0x00000000        0x0 APP/Room_2/Room_2.o
 .data          0x00000000        0x0 APP/Room_2/Room_2.o
 .bss           0x00000000        0x0 APP/Room_2/Room_2.o
 .text          0x00000000        0x0 APP/Smart_Home_RC/Smart_Home.o
 .data          0x00000000        0x0 APP/Smart_Home_RC/Smart_Home.o
 .bss           0x00000000        0x0 APP/Smart_Home_RC/Smart_Home.o
 .text          0x00000000        0x0 ECU/EXT_INT/EXT_INT.o
 .data          0x00000000        0x0 ECU/EXT_INT/EXT_INT.o
 .bss           0x00000000        0x0 ECU/EXT_INT/EXT_INT.o
 .text          0x00000000        0x0 ECU/GAS SENSOR/GAS_SENSOR.o
 .data          0x00000000        0x0 ECU/GAS SENSOR/GAS_SENSOR.o
 .bss           0x00000000        0x0 ECU/GAS SENSOR/GAS_SENSOR.o
 .text          0x00000000        0x0 ECU/IN_OUT_MODULE/IN_OUT_MODULE.o
 .data          0x00000000        0x0 ECU/IN_OUT_MODULE/IN_OUT_MODULE.o
 .bss           0x00000000        0x0 ECU/IN_OUT_MODULE/IN_OUT_MODULE.o
 .text.LED0_Toggle
                0x00000000        0xa ECU/IN_OUT_MODULE/IN_OUT_MODULE.o
 .text.LED1_Toggle
                0x00000000        0x8 ECU/IN_OUT_MODULE/IN_OUT_MODULE.o
 .text.BUZZER_Toggle
                0x00000000        0xa ECU/IN_OUT_MODULE/IN_OUT_MODULE.o
 .text          0x00000000        0x0 ECU/LCD/LCD.o
 .data          0x00000000        0x0 ECU/LCD/LCD.o
 .bss           0x00000000        0x0 ECU/LCD/LCD.o
 .text.LCD_WRITE_NBR
                0x00000000       0x3c ECU/LCD/LCD.o
 .text          0x00000000        0x0 main.o
 .data          0x00000000        0x0 main.o
 .bss           0x00000000        0x0 main.o
 .text          0x00000000        0x0 MCAL/ADC/ADC.o
 .data          0x00000000        0x0 MCAL/ADC/ADC.o
 .bss           0x00000000        0x0 MCAL/ADC/ADC.o
 .text.ADC_ReadChannel
                0x00000000       0x38 MCAL/ADC/ADC.o
 .text          0x00000000        0x0 MCAL/DIO/DIO.o
 .data          0x00000000        0x0 MCAL/DIO/DIO.o
 .bss           0x00000000        0x0 MCAL/DIO/DIO.o
 .text.DIO_TglPin_Value
                0x00000000       0x68 MCAL/DIO/DIO.o
 .text.DIO_GetPin_Value
                0x00000000       0x5c MCAL/DIO/DIO.o
 .text.DIO_SetPULLUp
                0x00000000       0x68 MCAL/DIO/DIO.o
 .text          0x00000000        0x0 MCAL/SPI/SPI.o
 .data          0x00000000        0x0 MCAL/SPI/SPI.o
 .bss           0x00000000        0x0 MCAL/SPI/SPI.o
 .text.SPI_initMasterMode
                0x00000000       0x1e MCAL/SPI/SPI.o
 .text.SPI_SendByte
                0x00000000        0x8 MCAL/SPI/SPI.o
 .text.SPI_SendStr
                0x00000000       0x38 MCAL/SPI/SPI.o
 .text          0x00000000        0x0 MCAL/USART/USART.o
 .data          0x00000000        0x0 MCAL/USART/USART.o
 .bss           0x00000000        0x0 MCAL/USART/USART.o
 .text.USART_Init
                0x00000000       0x32 MCAL/USART/USART.o
 .text.USART_Tx
                0x00000000        0x8 MCAL/USART/USART.o
 .text.USART_Rx
                0x00000000        0x8 MCAL/USART/USART.o
 .debug_info    0x00000000       0xd3 MCAL/USART/USART.o
 .debug_abbrev  0x00000000       0xa3 MCAL/USART/USART.o
 .debug_aranges
                0x00000000       0x30 MCAL/USART/USART.o
 .debug_ranges  0x00000000       0x20 MCAL/USART/USART.o
 .debug_line    0x00000000      0x127 MCAL/USART/USART.o
 .debug_str     0x00000000      0x1ac MCAL/USART/USART.o
 .comment       0x00000000       0x31 MCAL/USART/USART.o
 .debug_frame   0x00000000       0x44 MCAL/USART/USART.o
 .text          0x00000000        0x0 c:/program files (x86)/atmel/studio/7.0/toolchain/avr8/avr8-gnu-toolchain/bin/../lib/gcc/avr/5.4.0/avr5\libgcc.a(_exit.o)
 .data          0x00000000        0x0 c:/program files (x86)/atmel/studio/7.0/toolchain/avr8/avr8-gnu-toolchain/bin/../lib/gcc/avr/5.4.0/avr5\libgcc.a(_exit.o)
 .bss           0x00000000        0x0 c:/program files (x86)/atmel/studio/7.0/toolchain/avr8/avr8-gnu-toolchain/bin/../lib/gcc/avr/5.4.0/avr5\libgcc.a(_exit.o)
 .text.libgcc.mul
                0x00000000        0x0 c:/program files (x86)/atmel/studio/7.0/toolchain/avr8/avr8-gnu-toolchain/bin/../lib/gcc/avr/5.4.0/avr5\libgcc.a(_exit.o)
 .text.libgcc.div
                0x00000000        0x0 c:/program files (x86)/atmel/studio/7.0/toolchain/avr8/avr8-gnu-toolchain/bin/../lib/gcc/avr/5.4.0/avr5\libgcc.a(_exit.o)
 .text.libgcc   0x00000000        0x0 c:/program files (x86)/atmel/studio/7.0/toolchain/avr8/avr8-gnu-toolchain/bin/../lib/gcc/avr/5.4.0/avr5\libgcc.a(_exit.o)
 .text.libgcc.prologue
                0x00000000        0x0 c:/program files (x86)/atmel/studio/7.0/toolchain/avr8/avr8-gnu-toolchain/bin/../lib/gcc/avr/5.4.0/avr5\libgcc.a(_exit.o)
 .text.libgcc.builtins
                0x00000000        0x0 c:/program files (x86)/atmel/studio/7.0/toolchain/avr8/avr8-gnu-toolchain/bin/../lib/gcc/avr/5.4.0/avr5\libgcc.a(_exit.o)
 .text.libgcc.fmul
                0x00000000        0x0 c:/program files (x86)/atmel/studio/7.0/toolchain/avr8/avr8-gnu-toolchain/bin/../lib/gcc/avr/5.4.0/avr5\libgcc.a(_exit.o)
 .text.libgcc.fixed
                0x00000000        0x0 c:/program files (x86)/atmel/studio/7.0/toolchain/avr8/avr8-gnu-toolchain/bin/../lib/gcc/avr/5.4.0/avr5\libgcc.a(_exit.o)
 .text          0x00000000        0x0 c:/program files (x86)/atmel/studio/7.0/toolchain/avr8/avr8-gnu-toolchain/bin/../lib/gcc/avr/5.4.0/avr5\libgcc.a(_copy_data.o)
 .data          0x00000000        0x0 c:/program files (x86)/atmel/studio/7.0/toolchain/avr8/avr8-gnu-toolchain/bin/../lib/gcc/avr/5.4.0/avr5\libgcc.a(_copy_data.o)
 .bss           0x00000000        0x0 c:/program files (x86)/atmel/studio/7.0/toolchain/avr8/avr8-gnu-toolchain/bin/../lib/gcc/avr/5.4.0/avr5\libgcc.a(_copy_data.o)
 .text.libgcc.mul
                0x00000000        0x0 c:/program files (x86)/atmel/studio/7.0/toolchain/avr8/avr8-gnu-toolchain/bin/../lib/gcc/avr/5.4.0/avr5\libgcc.a(_copy_data.o)
 .text.libgcc.div
                0x00000000        0x0 c:/program files (x86)/atmel/studio/7.0/toolchain/avr8/avr8-gnu-toolchain/bin/../lib/gcc/avr/5.4.0/avr5\libgcc.a(_copy_data.o)
 .text.libgcc   0x00000000        0x0 c:/program files (x86)/atmel/studio/7.0/toolchain/avr8/avr8-gnu-toolchain/bin/../lib/gcc/avr/5.4.0/avr5\libgcc.a(_copy_data.o)
 .text.libgcc.prologue
                0x00000000        0x0 c:/program files (x86)/atmel/studio/7.0/toolchain/avr8/avr8-gnu-toolchain/bin/../lib/gcc/avr/5.4.0/avr5\libgcc.a(_copy_data.o)
 .text.libgcc.builtins
                0x00000000        0x0 c:/program files (x86)/atmel/studio/7.0/toolchain/avr8/avr8-gnu-toolchain/bin/../lib/gcc/avr/5.4.0/avr5\libgcc.a(_copy_data.o)
 .text.libgcc.fmul
                0x00000000        0x0 c:/program files (x86)/atmel/studio/7.0/toolchain/avr8/avr8-gnu-toolchain/bin/../lib/gcc/avr/5.4.0/avr5\libgcc.a(_copy_data.o)
 .text.libgcc.fixed
                0x00000000        0x0 c:/program files (x86)/atmel/studio/7.0/toolchain/avr8/avr8-gnu-toolchain/bin/../lib/gcc/avr/5.4.0/avr5\libgcc.a(_copy_data.o)
 .text          0x00000000        0x0 c:/program files (x86)/atmel/studio/7.0/toolchain/avr8/avr8-gnu-toolchain/bin/../lib/gcc/avr/5.4.0/../../../../avr/lib/avr5\libc.a(ltoa.o)
 .data          0x00000000        0x0 c:/program files (x86)/atmel/studio/7.0/toolchain/avr8/avr8-gnu-toolchain/bin/../lib/gcc/avr/5.4.0/../../../../avr/lib/avr5\libc.a(ltoa.o)
 .bss           0x00000000        0x0 c:/program files (x86)/atmel/studio/7.0/toolchain/avr8/avr8-gnu-toolchain/bin/../lib/gcc/avr/5.4.0/../../../../avr/lib/avr5\libc.a(ltoa.o)
 .text.avr-libc
                0x00000000       0x16 c:/program files (x86)/atmel/studio/7.0/toolchain/avr8/avr8-gnu-toolchain/bin/../lib/gcc/avr/5.4.0/../../../../avr/lib/avr5\libc.a(ltoa.o)
 .text          0x00000000        0x0 c:/program files (x86)/atmel/studio/7.0/toolchain/avr8/avr8-gnu-toolchain/bin/../lib/gcc/avr/5.4.0/../../../../avr/lib/avr5\libc.a(ltoa_ncheck.o)
 .data          0x00000000        0x0 c:/program files (x86)/atmel/studio/7.0/toolchain/avr8/avr8-gnu-toolchain/bin/../lib/gcc/avr/5.4.0/../../../../avr/lib/avr5\libc.a(ltoa_ncheck.o)
 .bss           0x00000000        0x0 c:/program files (x86)/atmel/studio/7.0/toolchain/avr8/avr8-gnu-toolchain/bin/../lib/gcc/avr/5.4.0/../../../../avr/lib/avr5\libc.a(ltoa_ncheck.o)
 .text.avr-libc
                0x00000000       0x1e c:/program files (x86)/atmel/studio/7.0/toolchain/avr8/avr8-gnu-toolchain/bin/../lib/gcc/avr/5.4.0/../../../../avr/lib/avr5\libc.a(ltoa_ncheck.o)
 .text          0x00000000        0x0 c:/program files (x86)/atmel/studio/7.0/toolchain/avr8/avr8-gnu-toolchain/bin/../lib/gcc/avr/5.4.0/../../../../avr/lib/avr5\libc.a(ultoa_ncheck.o)
 .data          0x00000000        0x0 c:/program files (x86)/atmel/studio/7.0/toolchain/avr8/avr8-gnu-toolchain/bin/../lib/gcc/avr/5.4.0/../../../../avr/lib/avr5\libc.a(ultoa_ncheck.o)
 .bss           0x00000000        0x0 c:/program files (x86)/atmel/studio/7.0/toolchain/avr8/avr8-gnu-toolchain/bin/../lib/gcc/avr/5.4.0/../../../../avr/lib/avr5\libc.a(ultoa_ncheck.o)
 .text.avr-libc
                0x00000000       0x44 c:/program files (x86)/atmel/studio/7.0/toolchain/avr8/avr8-gnu-toolchain/bin/../lib/gcc/avr/5.4.0/../../../../avr/lib/avr5\libc.a(ultoa_ncheck.o)
 .text          0x00000000        0x0 c:/program files (x86)/atmel/studio/7.0/toolchain/avr8/avr8-gnu-toolchain/bin/../lib/gcc/avr/5.4.0/../../../../avr/lib/avr5\libc.a(strrev.o)
 .data          0x00000000        0x0 c:/program files (x86)/atmel/studio/7.0/toolchain/avr8/avr8-gnu-toolchain/bin/../lib/gcc/avr/5.4.0/../../../../avr/lib/avr5\libc.a(strrev.o)
 .bss           0x00000000        0x0 c:/program files (x86)/atmel/studio/7.0/toolchain/avr8/avr8-gnu-toolchain/bin/../lib/gcc/avr/5.4.0/../../../../avr/lib/avr5\libc.a(strrev.o)
 .text.avr-libc
                0x00000000       0x20 c:/program files (x86)/atmel/studio/7.0/toolchain/avr8/avr8-gnu-toolchain/bin/../lib/gcc/avr/5.4.0/../../../../avr/lib/avr5\libc.a(strrev.o)

Memory Configuration

Name             Origin             Length             Attributes
text             0x00000000         0x00008000         xr
data             0x00800060         0x00000800         rw !x
eeprom           0x00810000         0x00000400         rw !x
fuse             0x00820000         0x00000002         rw !x
lock             0x00830000         0x00000400         rw !x
signature        0x00840000         0x00000400         rw !x
user_signatures  0x00850000         0x00000400         rw !x
*default*        0x00000000         0xffffffff

Linker script and memory map

LOAD C:/Program Files (x86)/Atmel/Studio/7.0/Packs/atmel/ATmega_DFP/1.6.364/gcc/dev/atmega32a/avr5/crtatmega32a.o
LOAD APP/Room_1/Room_1.o
LOAD APP/Room_2/Room_2.o
LOAD APP/Smart_Home_RC/Smart_Home.o
LOAD ECU/EXT_INT/EXT_INT.o
LOAD ECU/GAS SENSOR/GAS_SENSOR.o
LOAD ECU/IN_OUT_MODULE/IN_OUT_MODULE.o
LOAD ECU/LCD/LCD.o
LOAD main.o
LOAD MCAL/ADC/ADC.o
LOAD MCAL/DIO/DIO.o
LOAD MCAL/SPI/SPI.o
LOAD MCAL/USART/USART.o
START GROUP
LOAD c:/program files (x86)/atmel/studio/7.0/toolchain/avr8/avr8-gnu-toolchain/bin/../lib/gcc/avr/5.4.0/../../../../avr/lib/avr5\libm.a
END GROUP
START GROUP
LOAD c:/program files (x86)/atmel/studio/7.0/toolchain/avr8/avr8-gnu-toolchain/bin/../lib/gcc/avr/5.4.0/avr5\libgcc.a
LOAD c:/program files (x86)/atmel/studio/7.0/toolchain/avr8/avr8-gnu-toolchain/bin/../lib/gcc/avr/5.4.0/../../../../avr/lib/avr5\libm.a
LOAD c:/program files (x86)/atmel/studio/7.0/toolchain/avr8/avr8-gnu-toolchain/bin/../lib/gcc/avr/5.4.0/../../../../avr/lib/avr5\libc.a
LOAD C:/Program Files (x86)/Atmel/Studio/7.0/Packs/atmel/ATmega_DFP/1.6.364/gcc/dev/atmega32a/avr5\libatmega32a.a
END GROUP
                [0x00000000]                __TEXT_REGION_ORIGIN__ = DEFINED (__TEXT_REGION_ORIGIN__)?__TEXT_REGION_ORIGIN__:0x0
                [0x00800060]                __DATA_REGION_ORIGIN__ = DEFINED (__DATA_REGION_ORIGIN__)?__DATA_REGION_ORIGIN__:0x800060
                [0x00008000]                __TEXT_REGION_LENGTH__ = DEFINED (__TEXT_REGION_LENGTH__)?__TEXT_REGION_LENGTH__:0x20000
                [0x00000800]                __DATA_REGION_LENGTH__ = DEFINED (__DATA_REGION_LENGTH__)?__DATA_REGION_LENGTH__:0xffa0
                [0x00000400]                __EEPROM_REGION_LENGTH__ = DEFINED (__EEPROM_REGION_LENGTH__)?__EEPROM_REGION_LENGTH__:0x10000
                [0x00000002]                __FUSE_REGION_LENGTH__ = DEFINED (__FUSE_REGION_LENGTH__)?__FUSE_REGION_LENGTH__:0x400
                0x00000400                __LOCK_REGION_LENGTH__ = DEFINED (__LOCK_REGION_LENGTH__)?__LOCK_REGION_LENGTH__:0x400
                0x00000400                __SIGNATURE_REGION_LENGTH__ = DEFINED (__SIGNATURE_REGION_LENGTH__)?__SIGNATURE_REGION_LENGTH__:0x400
                0x00000400                __USER_SIGNATURE_REGION_LENGTH__ = DEFINED (__USER_SIGNATURE_REGION_LENGTH__)?__USER_SIGNATURE_REGION_LENGTH__:0x400

.hash
 *(.hash)

.dynsym
 *(.dynsym)

.dynstr
 *(.dynstr)

.gnu.version
 *(.gnu.version)

.gnu.version_d
 *(.gnu.version_d)

.gnu.version_r
 *(.gnu.version_r)

.rel.init
 *(.rel.init)

.rela.init
 *(.rela.init)

.rel.text
 *(.rel.text)
 *(.rel.text.*)
 *(.rel.gnu.linkonce.t*)

.rela.text
 *(.rela.text)
 *(.rela.text.*)
 *(.rela.gnu.linkonce.t*)

.rel.fini
 *(.rel.fini)

.rela.fini
 *(.rela.fini)

.rel.rodata
 *(.rel.rodata)
 *(.rel.rodata.*)
 *(.rel.gnu.linkonce.r*)

.rela.rodata
 *(.rela.rodata)
 *(.rela.rodata.*)
 *(.rela.gnu.linkonce.r*)

.rel.data
 *(.rel.data)
 *(.rel.data.*)
 *(.rel.gnu.linkonce.d*)

.rela.data
 *(.rela.data)
 *(.rela.data.*)
 *(.rela.gnu.linkonce.d*)

.rel.ctors
 *(.rel.ctors)

.rela.ctors
 *(.rela.ctors)

.rel.dtors
 *(.rel.dtors)

.rela.dtors
 *(.rela.dtors)

.rel.got
 *(.rel.got)

.rela.got
 *(.rela.got)

.rel.bss
 *(.rel.bss)

.rela.bss
 *(.rela.bss)

.rel.plt
 *(.rel.plt)

.rela.plt
 *(.rela.plt)

.text           0x00000000      0x7fe
 *(.vectors)
 .vectors       0x00000000       0x54 C:/Program Files (x86)/Atmel/Studio/7.0/Packs/atmel/ATmega_DFP/1.6.364/gcc/dev/atmega32a/avr5/crtatmega32a.o
                0x00000000                __vector_default
                0x00000000                __vectors
 *(.vectors)
 *(.progmem.gcc*)
                0x00000054                . = ALIGN (0x2)
                0x00000054                __trampolines_start = .
 *(.trampolines)
 .trampolines   0x00000054        0x0 linker stubs
 *(.trampolines*)
                0x00000054                __trampolines_end = .
 *libprintf_flt.a:*(.progmem.data)
 *libc.a:*(.progmem.data)
 *(.progmem*)
                0x00000054                . = ALIGN (0x2)
 *(.jumptables)
 *(.jumptables*)
 *(.lowtext)
 *(.lowtext*)
                0x00000054                __ctors_start = .
 *(.ctors)
                0x00000054                __ctors_end = .
                0x00000054                __dtors_start = .
 *(.dtors)
                0x00000054                __dtors_end = .
 SORT(*)(.ctors)
 SORT(*)(.dtors)
 *(.init0)
 .init0         0x00000054        0x0 C:/Program Files (x86)/Atmel/Studio/7.0/Packs/atmel/ATmega_DFP/1.6.364/gcc/dev/atmega32a/avr5/crtatmega32a.o
                0x00000054                __init
 *(.init0)
 *(.init1)
 *(.init1)
 *(.init2)
 .init2         0x00000054        0xc C:/Program Files (x86)/Atmel/Studio/7.0/Packs/atmel/ATmega_DFP/1.6.364/gcc/dev/atmega32a/avr5/crtatmega32a.o
 *(.init2)
 *(.init3)
 *(.init3)
 *(.init4)
 .init4         0x00000060       0x16 c:/program files (x86)/atmel/studio/7.0/toolchain/avr8/avr8-gnu-toolchain/bin/../lib/gcc/avr/5.4.0/avr5\libgcc.a(_copy_data.o)
                0x00000060                __do_copy_data
 *(.init4)
 *(.init5)
 *(.init5)
 *(.init6)
 *(.init6)
 *(.init7)
 *(.init7)
 *(.init8)
 *(.init8)
 *(.init9)
 .init9         0x00000076        0x8 C:/Program Files (x86)/Atmel/Studio/7.0/Packs/atmel/ATmega_DFP/1.6.364/gcc/dev/atmega32a/avr5/crtatmega32a.o
 *(.init9)
 *(.text)
 .text          0x0000007e        0x4 C:/Program Files (x86)/Atmel/Studio/7.0/Packs/atmel/ATmega_DFP/1.6.364/gcc/dev/atmega32a/avr5/crtatmega32a.o
                0x0000007e                __vector_12
                0x0000007e                __bad_interrupt
                0x0000007e                __vector_6
                0x0000007e                __vector_3
                0x0000007e                __vector_11
                0x0000007e                __vector_13
                0x0000007e                __vector_17
                0x0000007e                __vector_19
                0x0000007e                __vector_7
                0x0000007e                __vector_5
                0x0000007e                __vector_4
                0x0000007e                __vector_9
                0x0000007e                __vector_15
                0x0000007e                __vector_8
                0x0000007e                __vector_14
                0x0000007e                __vector_10
                0x0000007e                __vector_18
                0x0000007e                __vector_20
                0x00000082                . = ALIGN (0x2)
 *(.text.*)
 .text.Room1_INT
                0x00000082        0xe APP/Room_1/Room_1.o
                0x00000082                Room1_INT
 .text.Room1_light_on
                0x00000090        0x6 APP/Room_1/Room_1.o
                0x00000090                Room1_light_on
 .text.Room1_light_off
                0x00000096        0x6 APP/Room_1/Room_1.o
                0x00000096                Room1_light_off
 .text.__vector_1
                0x0000009c       0x6e APP/Room_1/Room_1.o
                0x0000009c                __vector_1
 .text.Room2_INT
                0x0000010a        0xe APP/Room_2/Room_2.o
                0x0000010a                Room2_INT
 .text.Room2_light_on
                0x00000118        0x6 APP/Room_2/Room_2.o
                0x00000118                Room2_light_on
 .text.Room2_light_off
                0x0000011e        0x6 APP/Room_2/Room_2.o
                0x0000011e                Room2_light_off
 .text.__vector_2
                0x00000124       0x6e APP/Room_2/Room_2.o
                0x00000124                __vector_2
 .text.Smart_Home_RC_INT
                0x00000192       0x44 APP/Smart_Home_RC/Smart_Home.o
                0x00000192                Smart_Home_RC_INT
 .text.Smart_Home_RC_Start
                0x000001d6      0x104 APP/Smart_Home_RC/Smart_Home.o
                0x000001d6                Smart_Home_RC_Start
 .text.__vector_16
                0x000002da       0x6e APP/Smart_Home_RC/Smart_Home.o
                0x000002da                __vector_16
 .text.GLOBAL_INTERRUPT_Init
                0x00000348        0x8 ECU/EXT_INT/EXT_INT.o
                0x00000348                GLOBAL_INTERRUPT_Init
 .text.EXT_INTERRUPT0_Init
                0x00000350       0x18 ECU/EXT_INT/EXT_INT.o
                0x00000350                EXT_INTERRUPT0_Init
 .text.EXT_INTERRUPT1_Init
                0x00000368       0x18 ECU/EXT_INT/EXT_INT.o
                0x00000368                EXT_INTERRUPT1_Init
 .text.GAS_SENSOR_INT
                0x00000380        0xc ECU/GAS SENSOR/GAS_SENSOR.o
                0x00000380                GAS_SENSOR_INT
 .text.LED0_INT
                0x0000038c        0x8 ECU/IN_OUT_MODULE/IN_OUT_MODULE.o
                0x0000038c                LED0_INT
 .text.LED0_ON  0x00000394        0x8 ECU/IN_OUT_MODULE/IN_OUT_MODULE.o
                0x00000394                LED0_ON
 .text.LED0_OFF
                0x0000039c        0x8 ECU/IN_OUT_MODULE/IN_OUT_MODULE.o
                0x0000039c                LED0_OFF
 .text.LED1_INT
                0x000003a4        0x8 ECU/IN_OUT_MODULE/IN_OUT_MODULE.o
                0x000003a4                LED1_INT
 .text.LED1_ON  0x000003ac        0x8 ECU/IN_OUT_MODULE/IN_OUT_MODULE.o
                0x000003ac                LED1_ON
 .text.LED1_OFF
                0x000003b4        0x8 ECU/IN_OUT_MODULE/IN_OUT_MODULE.o
                0x000003b4                LED1_OFF
 .text.BUZZER_INT
                0x000003bc        0x8 ECU/IN_OUT_MODULE/IN_OUT_MODULE.o
                0x000003bc                BUZZER_INT
 .text.BUZZER_ON
                0x000003c4        0x8 ECU/IN_OUT_MODULE/IN_OUT_MODULE.o
                0x000003c4                BUZZER_ON
 .text.BUZZER_OFF
                0x000003cc        0x8 ECU/IN_OUT_MODULE/IN_OUT_MODULE.o
                0x000003cc                BUZZER_OFF
 .text.LCD_WRITE_CMD
                0x000003d4       0x8e ECU/LCD/LCD.o
                0x000003d4                LCD_WRITE_CMD
 .text.LCD_INT  0x00000462       0x84 ECU/LCD/LCD.o
                0x00000462                LCD_INT
 .text.LCD_WRITE_L2
                0x000004e6        0x8 ECU/LCD/LCD.o
                0x000004e6                LCD_WRITE_L2
 .text.LCD_WRITE_DTA
                0x000004ee       0x8e ECU/LCD/LCD.o
                0x000004ee                LCD_WRITE_DTA
 .text.LCD_WRITE_STR
                0x0000057c       0x1a ECU/LCD/LCD.o
                0x0000057c                LCD_WRITE_STR
 .text.LCD_CLEAR
                0x00000596        0x8 ECU/LCD/LCD.o
                0x00000596                LCD_CLEAR
 .text.main     0x0000059e        0xa main.o
                0x0000059e                main
 .text.ADC_INT  0x000005a8       0x38 MCAL/ADC/ADC.o
                0x000005a8                ADC_INT
 .text.ADC_SELECT_CHANNEL
                0x000005e0       0x26 MCAL/ADC/ADC.o
                0x000005e0                ADC_SELECT_CHANNEL
 .text.DIO_SetPin_Direction
                0x00000606       0xe2 MCAL/DIO/DIO.o
                0x00000606                DIO_SetPin_Direction
 .text.DIO_SetPin_Value
                0x000006e8       0xe2 MCAL/DIO/DIO.o
                0x000006e8                DIO_SetPin_Value
 .text.SPI_initSlaveMode
                0x000007ca       0x28 MCAL/SPI/SPI.o
                0x000007ca                SPI_initSlaveMode
 .text.SPI_ReceiveByte
                0x000007f2        0x8 MCAL/SPI/SPI.o
                0x000007f2                SPI_ReceiveByte
                0x000007fa                . = ALIGN (0x2)
 *(.fini9)
 .fini9         0x000007fa        0x0 c:/program files (x86)/atmel/studio/7.0/toolchain/avr8/avr8-gnu-toolchain/bin/../lib/gcc/avr/5.4.0/avr5\libgcc.a(_exit.o)
                0x000007fa                _exit
                0x000007fa                exit
 *(.fini9)
 *(.fini8)
 *(.fini8)
 *(.fini7)
 *(.fini7)
 *(.fini6)
 *(.fini6)
 *(.fini5)
 *(.fini5)
 *(.fini4)
 *(.fini4)
 *(.fini3)
 *(.fini3)
 *(.fini2)
 *(.fini2)
 *(.fini1)
 *(.fini1)
 *(.fini0)
 .fini0         0x000007fa        0x4 c:/program files (x86)/atmel/studio/7.0/toolchain/avr8/avr8-gnu-toolchain/bin/../lib/gcc/avr/5.4.0/avr5\libgcc.a(_exit.o)
 *(.fini0)
                0x000007fe                _etext = .

.data           0x00800060       0xb8 load address 0x000007fe
                0x00800060                PROVIDE (__data_start, .)
 *(.data)
 *(.data*)
 *(.gnu.linkonce.d*)
 *(.rodata)
 *(.rodata*)
 .rodata.str1.1
                0x00800060        0xf APP/Room_1/Room_1.o
 .rodata.str1.1
                0x0080006f        0xf APP/Room_2/Room_2.o
 .rodata.str1.1
                0x0080007e       0x9a APP/Smart_Home_RC/Smart_Home.o
 *(.gnu.linkonce.r*)
                0x00800118                . = ALIGN (0x2)
                0x00800118                _edata = .
                0x00800118                PROVIDE (__data_end, .)

.bss            0x00800118        0x0
                [!provide]                PROVIDE (__bss_start, .)
 *(.bss)
 *(.bss*)
 *(COMMON)
                [!provide]                PROVIDE (__bss_end, .)
                0x000007fe                __data_load_start = LOADADDR (.data)
                0x000008b6                __data_load_end = (__data_load_start + SIZEOF (.data))

.noinit         0x00800118        0x0
                [!provide]                PROVIDE (__noinit_start, .)
 *(.noinit*)
                [!provide]                PROVIDE (__noinit_end, .)
                0x00800118                _end = .
                [!provide]                PROVIDE (__heap_start, .)

.eeprom         0x00810000        0x0
 *(.eeprom*)
                0x00810000                __eeprom_end = .

.fuse
 *(.fuse)
 *(.lfuse)
 *(.hfuse)
 *(.efuse)

.lock
 *(.lock*)

.signature
 *(.signature*)

.user_signatures
 *(.user_signatures*)

.stab
 *(.stab)

.stabstr
 *(.stabstr)

.stab.excl
 *(.stab.excl)

.stab.exclstr
 *(.stab.exclstr)

.stab.index
 *(.stab.index)

.stab.indexstr
 *(.stab.indexstr)

.comment        0x00000000       0x30
 *(.comment)
 .comment       0x00000000       0x30 APP/Room_1/Room_1.o
                                 0x31 (size before relaxing)
 .comment       0x00000030       0x31 APP/Room_2/Room_2.o
 .comment       0x00000030       0x31 APP/Smart_Home_RC/Smart_Home.o
 .comment       0x00000030       0x31 ECU/EXT_INT/EXT_INT.o
 .comment       0x00000030       0x31 ECU/GAS SENSOR/GAS_SENSOR.o
 .comment       0x00000030       0x31 ECU/IN_OUT_MODULE/IN_OUT_MODULE.o
 .comment       0x00000030       0x31 ECU/LCD/LCD.o
 .comment       0x00000030       0x31 main.o
 .comment       0x00000030       0x31 MCAL/ADC/ADC.o
 .comment       0x00000030       0x31 MCAL/DIO/DIO.o
 .comment       0x00000030       0x31 MCAL/SPI/SPI.o

.note.gnu.avr.deviceinfo
                0x00000000       0x3c
 .note.gnu.avr.deviceinfo
                0x00000000       0x3c C:/Program Files (x86)/Atmel/Studio/7.0/Packs/atmel/ATmega_DFP/1.6.364/gcc/dev/atmega32a/avr5/crtatmega32a.o

.note.gnu.build-id
 *(.note.gnu.build-id)

.debug
 *(.debug)

.line
 *(.line)

.debug_srcinfo
 *(.debug_srcinfo)

.debug_sfnames
 *(.debug_sfnames)

.debug_aranges  0x00000000      0x288
 *(.debug_aranges)
 .debug_aranges
                0x00000000       0x38 APP/Room_1/Room_1.o
 .debug_aranges
                0x00000038       0x38 APP/Room_2/Room_2.o
 .debug_aranges
                0x00000070       0x30 APP/Smart_Home_RC/Smart_Home.o
 .debug_aranges
                0x000000a0       0x30 ECU/EXT_INT/EXT_INT.o
 .debug_aranges
                0x000000d0       0x20 ECU/GAS SENSOR/GAS_SENSOR.o
 .debug_aranges
                0x000000f0       0x78 ECU/IN_OUT_MODULE/IN_OUT_MODULE.o
 .debug_aranges
                0x00000168       0x50 ECU/LCD/LCD.o
 .debug_aranges
                0x000001b8       0x20 main.o
 .debug_aranges
                0x000001d8       0x30 MCAL/ADC/ADC.o
 .debug_aranges
                0x00000208       0x40 MCAL/DIO/DIO.o
 .debug_aranges
                0x00000248       0x40 MCAL/SPI/SPI.o

.debug_pubnames
 *(.debug_pubnames)

.debug_info     0x00000000     0x1eff
 *(.debug_info .gnu.linkonce.wi.*)
 .debug_info    0x00000000      0x4e6 C:/Program Files (x86)/Atmel/Studio/7.0/Packs/atmel/ATmega_DFP/1.6.364/gcc/dev/atmega32a/avr5/crtatmega32a.o
 .debug_info    0x000004e6      0x26d APP/Room_1/Room_1.o
 .debug_info    0x00000753      0x26d APP/Room_2/Room_2.o
 .debug_info    0x000009c0      0x5c4 APP/Smart_Home_RC/Smart_Home.o
 .debug_info    0x00000f84       0xc7 ECU/EXT_INT/EXT_INT.o
 .debug_info    0x0000104b       0xaf ECU/GAS SENSOR/GAS_SENSOR.o
 .debug_info    0x000010fa      0x175 ECU/IN_OUT_MODULE/IN_OUT_MODULE.o
 .debug_info    0x0000126f      0x756 ECU/LCD/LCD.o
 .debug_info    0x000019c5       0xae main.o
 .debug_info    0x00001a73      0x112 MCAL/ADC/ADC.o
 .debug_info    0x00001b85      0x1ce MCAL/DIO/DIO.o
 .debug_info    0x00001d53      0x1ac MCAL/SPI/SPI.o

.debug_abbrev   0x00000000      0xe27
 *(.debug_abbrev)
 .debug_abbrev  0x00000000      0x4a3 C:/Program Files (x86)/Atmel/Studio/7.0/Packs/atmel/ATmega_DFP/1.6.364/gcc/dev/atmega32a/avr5/crtatmega32a.o
 .debug_abbrev  0x000004a3      0x123 APP/Room_1/Room_1.o
 .debug_abbrev  0x000005c6      0x123 APP/Room_2/Room_2.o
 .debug_abbrev  0x000006e9      0x11a APP/Smart_Home_RC/Smart_Home.o
 .debug_abbrev  0x00000803       0x8e ECU/EXT_INT/EXT_INT.o
 .debug_abbrev  0x00000891       0x7a ECU/GAS SENSOR/GAS_SENSOR.o
 .debug_abbrev  0x0000090b       0x51 ECU/IN_OUT_MODULE/IN_OUT_MODULE.o
 .debug_abbrev  0x0000095c      0x18e ECU/LCD/LCD.o
 .debug_abbrev  0x00000aea       0x68 main.o
 .debug_abbrev  0x00000b52       0xb2 MCAL/ADC/ADC.o
 .debug_abbrev  0x00000c04       0xdb MCAL/DIO/DIO.o
 .debug_abbrev  0x00000cdf      0x148 MCAL/SPI/SPI.o

.debug_line     0x00000000     0x13e2
 *(.debug_line .debug_line.* .debug_line_end)
 .debug_line    0x00000000      0x116 C:/Program Files (x86)/Atmel/Studio/7.0/Packs/atmel/ATmega_DFP/1.6.364/gcc/dev/atmega32a/avr5/crtatmega32a.o
 .debug_line    0x00000116      0x1b2 APP/Room_1/Room_1.o
 .debug_line    0x000002c8      0x1b2 APP/Room_2/Room_2.o
 .debug_line    0x0000047a      0x363 APP/Smart_Home_RC/Smart_Home.o
 .debug_line    0x000007dd       0xfe ECU/EXT_INT/EXT_INT.o
 .debug_line    0x000008db       0x6d ECU/GAS SENSOR/GAS_SENSOR.o
 .debug_line    0x00000948      0x1ac ECU/IN_OUT_MODULE/IN_OUT_MODULE.o
 .debug_line    0x00000af4      0x2ea ECU/LCD/LCD.o
 .debug_line    0x00000dde       0x6e main.o
 .debug_line    0x00000e4c      0x13d MCAL/ADC/ADC.o
 .debug_line    0x00000f89      0x26e MCAL/DIO/DIO.o
 .debug_line    0x000011f7      0x1eb MCAL/SPI/SPI.o

.debug_frame    0x00000000      0x4f4
 *(.debug_frame)
 .debug_frame   0x00000000       0x9c APP/Room_1/Room_1.o
 .debug_frame   0x0000009c       0x9c APP/Room_2/Room_2.o
 .debug_frame   0x00000138       0x8c APP/Smart_Home_RC/Smart_Home.o
 .debug_frame   0x000001c4       0x44 ECU/EXT_INT/EXT_INT.o
 .debug_frame   0x00000208       0x24 ECU/GAS SENSOR/GAS_SENSOR.o
 .debug_frame   0x0000022c       0xd4 ECU/IN_OUT_MODULE/IN_OUT_MODULE.o
 .debug_frame   0x00000300       0xb0 ECU/LCD/LCD.o
 .debug_frame   0x000003b0       0x24 main.o
 .debug_frame   0x000003d4       0x44 MCAL/ADC/ADC.o
 .debug_frame   0x00000418       0x64 MCAL/DIO/DIO.o
 .debug_frame   0x0000047c       0x78 MCAL/SPI/SPI.o

.debug_str      0x00000000      0x761
 *(.debug_str)
 .debug_str     0x00000000      0x196 C:/Program Files (x86)/Atmel/Studio/7.0/Packs/atmel/ATmega_DFP/1.6.364/gcc/dev/atmega32a/avr5/crtatmega32a.o
 .debug_str     0x00000196      0x22e APP/Room_1/Room_1.o
                                0x262 (size before relaxing)
 .debug_str     0x000003c4       0x79 APP/Room_2/Room_2.o
                                0x262 (size before relaxing)
 .debug_str     0x0000043d       0xbd APP/Smart_Home_RC/Smart_Home.o
                                0x2ed (size before relaxing)
 .debug_str     0x000004fa       0x19 ECU/EXT_INT/EXT_INT.o
                                0x1c5 (size before relaxing)
 .debug_str     0x00000513       0x3a ECU/GAS SENSOR/GAS_SENSOR.o
                                0x1af (size before relaxing)
 .debug_str     0x0000054d       0x4b ECU/IN_OUT_MODULE/IN_OUT_MODULE.o
                                0x20d (size before relaxing)
 .debug_str     0x00000598       0xe6 ECU/LCD/LCD.o
                                0x2d1 (size before relaxing)
 .debug_str     0x0000067e       0x11 main.o
                                0x19d (size before relaxing)
 .debug_str     0x0000068f       0x43 MCAL/ADC/ADC.o
                                0x1d4 (size before relaxing)
 .debug_str     0x000006d2       0x51 MCAL/DIO/DIO.o
                                0x213 (size before relaxing)
 .debug_str     0x00000723       0x3e MCAL/SPI/SPI.o
                                0x223 (size before relaxing)

.debug_loc      0x00000000      0xde7
 *(.debug_loc)
 .debug_loc     0x00000000      0x113 APP/Room_1/Room_1.o
 .debug_loc     0x00000113      0x113 APP/Room_2/Room_2.o
 .debug_loc     0x00000226      0x37a APP/Smart_Home_RC/Smart_Home.o
 .debug_loc     0x000005a0      0x352 ECU/LCD/LCD.o
 .debug_loc     0x000008f2       0x92 MCAL/ADC/ADC.o
 .debug_loc     0x00000984      0x378 MCAL/DIO/DIO.o
 .debug_loc     0x00000cfc       0xeb MCAL/SPI/SPI.o

.debug_macinfo
 *(.debug_macinfo)

.debug_weaknames
 *(.debug_weaknames)

.debug_funcnames
 *(.debug_funcnames)

.debug_typenames
 *(.debug_typenames)

.debug_varnames
 *(.debug_varnames)

.debug_pubtypes
 *(.debug_pubtypes)

.debug_ranges   0x00000000      0x1d8
 *(.debug_ranges)
 .debug_ranges  0x00000000       0x28 APP/Room_1/Room_1.o
 .debug_ranges  0x00000028       0x28 APP/Room_2/Room_2.o
 .debug_ranges  0x00000050       0x20 APP/Smart_Home_RC/Smart_Home.o
 .debug_ranges  0x00000070       0x20 ECU/EXT_INT/EXT_INT.o
 .debug_ranges  0x00000090       0x10 ECU/GAS SENSOR/GAS_SENSOR.o
 .debug_ranges  0x000000a0       0x68 ECU/IN_OUT_MODULE/IN_OUT_MODULE.o
 .debug_ranges  0x00000108       0x40 ECU/LCD/LCD.o
 .debug_ranges  0x00000148       0x10 main.o
 .debug_ranges  0x00000158       0x20 MCAL/ADC/ADC.o
 .debug_ranges  0x00000178       0x30 MCAL/DIO/DIO.o
 .debug_ranges  0x000001a8       0x30 MCAL/SPI/SPI.o

.debug_macro
 *(.debug_macro)
OUTPUT(Smart_Home.elf elf32-avr)
LOAD linker stubs
